<etc>
  <k>
    #halt "Halted successfully!" ~> .
  </k>
  <pc> 4294934544 </pc>
  <registers>
    0 |-> 2097152
    1 |-> 64
    2 |-> 0
    3 |-> 0
    4 |-> 0
    5 |-> 0
    6 |-> 0
    7 |-> 0
  </registers>
  <memory>
    72057594037927808 |-> b"^\x02Y\"\\ \x14\x04_\x02l\x00l\x00l\x00\x8e\x00\x00\x00\x00\x00\x00\x00\x00\x00\x00\x00\x00\x00\x00\x00\x00\x00\x00\x00\x00\x00\x00\x00\x00\x00\x00\x00\x00\x00\x00\x00\x00\x00\x00\x00\x00\x00\x00\x00\x00\x00\x00\x00\x00\x00\x00\x00\x00\x00\x00\x00\x00\x00\x00\x00\x00\x00\x00\x00\x00\x00\x00\x00\x00\x00\x00\x00\x00\x00\x00\x00\x00\x00\x00\x00\x00\x00\x00\x00\x00\x00\x00\x00\x00\x00\x00\x00\x00\x00\x00\x00\x00\x00\x00\x00\x00\x00\x00\x00\x00\x00\x00\x00\x00\x00\x00\x00\x00\x00\x00\x00\x00\x00\x00\x00\x00\x00\x00\x00\x00\x00\x00\x00\x00\x00\x00\x00\x00\x00\x00\x00\x00\x00\x00\x00\x00\x00\x00\x00\x00\x00\x00\x00\x00\x00\x00\x00\x00\x00\x00\x00\x00\x00\x00\x00\x00\x00\x00\x00\x00\x00\x00\x00\x00\x00\x00\x00\x00\x00\x00\x00\x00\x00\x00\x00\x00\x00\x00\x00\x00\x00\x00\x00\x00\x00\x00\x00\x00\x00\x00\x00\x00\x00\x00\x00\x00\x00\x00\x00\x00\x00\x00\x00\x00\x00\x00\x00\x00\x00\x00\x00\x00\x00\x00\x00\x00\x00\x00\x00\x00\x00\x00\x00\x00\x00\x00\x00\x00\x00\x00\x00\x00\x00\x00\x00\x00\x00\x00\x00"
  </memory>
  <flags>
    <carry>    false </carry>
    <zero>     false </zero>
    <negative> false </negative>
    <overflow> false </overflow>
  </flags>
  <machine-details>
    <cpuid> 192 </cpuid>
    <exten> 64 </exten>
    <reg-mode>  doubleword </reg-mode>
    <reg-width> quadword </reg-width>
    <reg-count> 8 </reg-count>
    <evil-mode> false </evil-mode>
  </machine-details>
  <in> </in>
  <out> </out>
</etc>
