<etc>
  <k>
    #halt "Halted successfully!" ~> .
  </k>
  <pc> 18446744073709518862 </pc>
  <registers>
    0 |-> maxUInt8
    1 |-> maxUInt16
    2 |-> 0
    3 |-> 0
    4 |-> 0
    5 |-> 0
    6 |-> 0
    7 |-> 0
  </registers>
  <memory>
    72057594037927808 |-> b"^\x02Y&\\0\x14\x04_\x02H\x1fX?\x8e\x00\x00\x00\x00\x00\x00\x00\x00\x00\x00\x00\x00\x00\x00\x00\x00\x00\x00\x00\x00\x00\x00\x00\x00\x00\x00\x00\x00\x00\x00\x00\x00\x00\x00\x00\x00\x00\x00\x00\x00\x00\x00\x00\x00\x00\x00\x00\x00\x00\x00\x00\x00\x00\x00\x00\x00\x00\x00\x00\x00\x00\x00\x00\x00\x00\x00\x00\x00\x00\x00\x00\x00\x00\x00\x00\x00\x00\x00\x00\x00\x00\x00\x00\x00\x00\x00\x00\x00\x00\x00\x00\x00\x00\x00\x00\x00\x00\x00\x00\x00\x00\x00\x00\x00\x00\x00\x00\x00\x00\x00\x00\x00\x00\x00\x00\x00\x00\x00\x00\x00\x00\x00\x00\x00\x00\x00\x00\x00\x00\x00\x00\x00\x00\x00\x00\x00\x00\x00\x00\x00\x00\x00\x00\x00\x00\x00\x00\x00\x00\x00\x00\x00\x00\x00\x00\x00\x00\x00\x00\x00\x00\x00\x00\x00\x00\x00\x00\x00\x00\x00\x00\x00\x00\x00\x00\x00\x00\x00\x00\x00\x00\x00\x00\x00\x00\x00\x00\x00\x00\x00\x00\x00\x00\x00\x00\x00\x00\x00\x00\x00\x00\x00\x00\x00\x00\x00\x00\x00\x00\x00\x00\x00\x00\x00\x00\x00\x00\x00\x00\x00\x00\x00\x00\x00\x00\x00\x00\x00\x00\x00\x00\x00\x00\x00\x00\x00\x00\x00\x00\x00\x00"
  </memory>
  <flags>
    <carry>    false </carry>
    <zero>     false </zero>
    <negative> false </negative>
    <overflow> false </overflow>
  </flags>
  <machine-details>
    <cpuid> 144 </cpuid>
    <exten> 144 </exten>
    <reg-mode>  quadword </reg-mode>
    <reg-width> quadword </reg-width>
    <reg-count> 8 </reg-count>
    <evil-mode> false </evil-mode>
  </machine-details>
  <in> </in>
  <out> </out>
</etc>
