<etc>
  <k>
    #halt "Halted successfully!" ~> .
  </k>
  <pc> 32770 </pc>
  <registers>
    0 |-> -1
    1 |-> 0
    2 |-> 0
    3 |-> 0
    4 |-> 0
    5 |-> 0
    6 |-> 0
    7 |-> 0
  </registers>
  <memory>
    128 |-> b"Y\x1f\x8e\x00\x00\x00\x00\x00\x00\x00\x00\x00\x00\x00\x00\x00\x00\x00\x00\x00\x00\x00\x00\x00\x00\x00\x00\x00\x00\x00\x00\x00\x00\x00\x00\x00\x00\x00\x00\x00\x00\x00\x00\x00\x00\x00\x00\x00\x00\x00\x00\x00\x00\x00\x00\x00\x00\x00\x00\x00\x00\x00\x00\x00\x00\x00\x00\x00\x00\x00\x00\x00\x00\x00\x00\x00\x00\x00\x00\x00\x00\x00\x00\x00\x00\x00\x00\x00\x00\x00\x00\x00\x00\x00\x00\x00\x00\x00\x00\x00\x00\x00\x00\x00\x00\x00\x00\x00\x00\x00\x00\x00\x00\x00\x00\x00\x00\x00\x00\x00\x00\x00\x00\x00\x00\x00\x00\x00\x00\x00\x00\x00\x00\x00\x00\x00\x00\x00\x00\x00\x00\x00\x00\x00\x00\x00\x00\x00\x00\x00\x00\x00\x00\x00\x00\x00\x00\x00\x00\x00\x00\x00\x00\x00\x00\x00\x00\x00\x00\x00\x00\x00\x00\x00\x00\x00\x00\x00\x00\x00\x00\x00\x00\x00\x00\x00\x00\x00\x00\x00\x00\x00\x00\x00\x00\x00\x00\x00\x00\x00\x00\x00\x00\x00\x00\x00\x00\x00\x00\x00\x00\x00\x00\x00\x00\x00\x00\x00\x00\x00\x00\x00\x00\x00\x00\x00\x00\x00\x00\x00\x00\x00\x00\x00\x00\x00\x00\x00\x00\x00\x00\x00\x00\x00\x00\x00\x00\x00\x00\x00\x00\x00\x00\x00\x00\x00"
  </memory>
  <flags>
    <carry>    false </carry>
    <zero>     false </zero>
    <negative> false </negative>
    <overflow> false </overflow>
  </flags>
  <machine-details>
    <cpuid1> 16384 </cpuid1>
    <cpuid2> 0 </cpuid2>
    <feat>   0 </feat>
    <reg-width> doubleword </reg-width>
    <reg-count> 8 </reg-count>
    <evil-mode> false </evil-mode>
  </machine-details>
  <in> </in>
  <out> </out>
</etc>
