<etc>
  <k>
    #halt "Halted successfully!" ~> .
  </k>
  <pc> 32784 </pc>
  <registers>
    0 |-> 1
    1 |-> 2
    2 |-> 3
    3 |-> 4
    4 |-> 5
    5 |-> 6
    6 |-> 7
    7 |-> 8
  </registers>
  <memory>
    128 |-> b"Y\x01Y\"YCYdY\x85Y\xa6Y\xc7Y\xe8\x8e\x00\x00\x00\x00\x00\x00\x00\x00\x00\x00\x00\x00\x00\x00\x00\x00\x00\x00\x00\x00\x00\x00\x00\x00\x00\x00\x00\x00\x00\x00\x00\x00\x00\x00\x00\x00\x00\x00\x00\x00\x00\x00\x00\x00\x00\x00\x00\x00\x00\x00\x00\x00\x00\x00\x00\x00\x00\x00\x00\x00\x00\x00\x00\x00\x00\x00\x00\x00\x00\x00\x00\x00\x00\x00\x00\x00\x00\x00\x00\x00\x00\x00\x00\x00\x00\x00\x00\x00\x00\x00\x00\x00\x00\x00\x00\x00\x00\x00\x00\x00\x00\x00\x00\x00\x00\x00\x00\x00\x00\x00\x00\x00\x00\x00\x00\x00\x00\x00\x00\x00\x00\x00\x00\x00\x00\x00\x00\x00\x00\x00\x00\x00\x00\x00\x00\x00\x00\x00\x00\x00\x00\x00\x00\x00\x00\x00\x00\x00\x00\x00\x00\x00\x00\x00\x00\x00\x00\x00\x00\x00\x00\x00\x00\x00\x00\x00\x00\x00\x00\x00\x00\x00\x00\x00\x00\x00\x00\x00\x00\x00\x00\x00\x00\x00\x00\x00\x00\x00\x00\x00\x00\x00\x00\x00\x00\x00\x00\x00\x00\x00\x00\x00\x00\x00\x00\x00\x00\x00\x00\x00\x00\x00\x00\x00\x00\x00\x00\x00\x00\x00\x00\x00\x00\x00\x00\x00\x00\x00\x00\x00\x00\x00\x00\x00\x00\x00\x00\x00\x00"
  </memory>
  <flags>
    <carry>    false </carry>
    <zero>     false </zero>
    <negative> false </negative>
    <overflow> false </overflow>
  </flags>
  <machine-details>
    <cpuid1> 0 </cpuid1>
    <cpuid2> 0 </cpuid2>
    <feat>   0 </feat>
    <reg-width> word </reg-width>
    <reg-count> 8 </reg-count>
    <evil-mode> false </evil-mode>
  </machine-details>
  <in> </in>
  <out> </out>
</etc>
