<etc>
  <k>
    #halt "Halted successfully!" ~> .
  </k>
  <pc> 33068 </pc>
  <registers>
    0 |-> -10
    1 |-> 0
    2 |-> 0
    3 |-> 0
    4 |-> 0
    5 |-> 0
    6 |-> 0
    7 |-> 1
  </registers>
  <memory>
    128 |-> b"\x8e\x04\x8e\x00Y\x00W\x1f\x81\x04\x80\x04\x8e\x00Y\x01W\x1f\x80\x04\x81\x04\x8e\x00Y\x1fW\x1f\x83\x04\x82\x04\x8e\x00Y\x00W\x1f\x82\x04\x83\x04\x8e\x00Y\x1fP\x0f\x85\x04\x84\x04\x8e\x00Y\x0fP\x0f\x84\x04\x85\x04\x8e\x00Y\x00S\x01\x85\x04\x84\x04\x8e\x00Y\x01S\x01\x84\x04\x85\x04\x8e\x00Y\x00\\\x1f\\\x1f\\\x1fP\x01\x87\x04\x86\x04\x8e\x00Y\x00\\\x1f\\\x1f\\\x1fQ\x01\x86\x04\x87\x04\x8e\x00\x13\x00\x81\x1c\x84\x1a\x89\x18\x8a\x16\x8d\x14\x80\x04\x8e\x10\x88\x04\x8e\f\x85\x04\x8e\x08\x8c\x04\x8e\x04\x8b\x04\x8e\x00Y\x00S\x01\x80\x10\x81\x04\x8e\f\x84\x06\x89\x04\x8e\x06\x8a\x06\x8d\x04\x8e\x00Y\nS\x05\x84\n\x88\x08\x89\x04\x8e\x04\x85\x04\x8e\x00Y\x05S\n\x89\n\x85\x08\x84\x04\x8e\x04\x88\x04\x8e\x00Y\x16S\x05\x84\n\x88\x08\x89\x04\x8e\x04\x85\x04\x8e\x00Y\x05S\x16\x89\n\x85\x08\x84\x04\x8e\x04\x88\x04\x8e\x00Y\nS\x05\x8a\n\x8c\x08\x8d\x04\x8e\x04\x8b\x04\x8e\x00Y\x05S\n\x8d\n"
    129 |-> b"\x8b\x08\x8a\x04\x8e\x04\x8c\x04\x8e\x00Y\x05S\x16\x8a\n\x8c\x08\x8d\x04\x8e\x04\x8b\x04\x8e\x00Y\x16S\x05\x8d\n\x8b\x08\x8a\x04\x8e\x04\x8c\x04\x8e\x00Y\xe1\x8e\x00\x00\x00\x00\x00\x00\x00\x00\x00\x00\x00\x00\x00\x00\x00\x00\x00\x00\x00\x00\x00\x00\x00\x00\x00\x00\x00\x00\x00\x00\x00\x00\x00\x00\x00\x00\x00\x00\x00\x00\x00\x00\x00\x00\x00\x00\x00\x00\x00\x00\x00\x00\x00\x00\x00\x00\x00\x00\x00\x00\x00\x00\x00\x00\x00\x00\x00\x00\x00\x00\x00\x00\x00\x00\x00\x00\x00\x00\x00\x00\x00\x00\x00\x00\x00\x00\x00\x00\x00\x00\x00\x00\x00\x00\x00\x00\x00\x00\x00\x00\x00\x00\x00\x00\x00\x00\x00\x00\x00\x00\x00\x00\x00\x00\x00\x00\x00\x00\x00\x00\x00\x00\x00\x00\x00\x00\x00\x00\x00\x00\x00\x00\x00\x00\x00\x00\x00\x00\x00\x00\x00\x00\x00\x00\x00\x00\x00\x00\x00\x00\x00\x00\x00\x00\x00\x00\x00\x00\x00\x00\x00\x00\x00\x00\x00\x00\x00\x00\x00\x00\x00\x00\x00\x00\x00\x00\x00\x00\x00\x00\x00\x00\x00\x00\x00\x00\x00\x00\x00\x00\x00\x00\x00\x00\x00\x00\x00\x00\x00\x00\x00\x00\x00\x00\x00\x00\x00\x00\x00\x00\x00"
  </memory>
  <flags>
    <carry>    false </carry>
    <zero>     false </zero>
    <negative> true </negative>
    <overflow> false </overflow>
  </flags>
  <machine-details>
    <cpuid1> 0 </cpuid1>
    <cpuid2> 0 </cpuid2>
    <feat>   0 </feat>
    <reg-width> word </reg-width>
    <reg-count> 8 </reg-count>
    <evil-mode> false </evil-mode>
  </machine-details>
  <in> </in>
  <out> </out>
</etc>
